[   0.0000] italzingcgousubsys cpuet
[  000000]Inializig group ubyspu
[   .0000] Iitlizingcgupsubsyscpcct
[    000000]Lix version 4.0-11-gneic (uid@lc01am64-0) gc version5..0 2016069 butu 5.4.0-6ubunt1~1604)  #43butu SMPMoApr 2 6::2 UTC 2018 Ubtu 44.-19.43-genri4..114)[   0.0000] omanli: BOOTIME=boot/vmlnu-4.4.0--genicoot=BEcloudig-oofsroconsle=tty csoe=ttyS0
[   .00000 KRNEL suprted cpus:
[    0.000000]   IntelenuineInel
[  0.0000]  AD utntAMD
[    0.00000] Cetaur CentaurHauls
[    0.000000] 6/pu xat_offset[2]  576, xate_ze[2  6
[   .0000] x6/pu: SupportngXSAVfeure 0x0 'x8 fatngpot egisters
    0.000] x/f: Supportig SA fture 0x02:'SE giers'[   .00000] 6/pu: SpotingXSVEfeatrex04:AV regsts'
[   0.000] x/f: Enabd ste atures 0x7 cntexsie s 32byte, in 'taar' foat
[    0.00000x86/u:Usin'lzyFP coexswitches.
[    .000] e820 BOSprovidd ysic R map
[    00000] IO-e20 [m 0x0000000000-0x000000009fff] sae
[  000000] BOSe80: [emx0000000009f000x00000000ff] reseed
[    .0000] BS-82: mem 0000000000f0000-0x000000000ff] reserved
[   0.000] BS-820: [mm 0000000100-00000000feff uble
[    000000] BS-820:[m 0x000003ff0000-0x00003fffff] ACPI data
[   00000]IO-e20 [mm 0x0000fec000-0000000ecff] esved
[   00000]IO-e82 [em 0000000ee00-0x00000fe00ff] eserved[   0.000] BIOS820: [mem 0x000000fc00-0x0000ffff] reerved
[   0.00000]NX(Execteisble) pottionacve
  0.0000] MBOS2.prest.
[  0.0000] Hyervisor detected: VM[    0.00000] 82 lst_pfn 03ff0 x_rcpf= 0x00000   0.000] MTRR Dsaled   0.000000] x86/PATMTs disabld,skippig T initializaton t.
[   0.000] CPU RRall blan -virtualize sysm.
[    0.0000 x/PT: Cnfiguration [0-: B T C- UC WBWT  UC-   
[   00000]fod SMMPable a [m 0x09f0-000ffff] maedat [ff800009f0
  0.00000]Scning 1 areas forlow emy orruption
[  00000]AMISK: [me 036be00-x37556ff
[   0.0000] CP Earl tbl checksu vification dsaled
[    0.00000] PI RSDPx0000000000 00 (v02 VBOX )
[   00000]CP: XSDT 0x00000FF0030003C(v01 VX   OXDT 0001 AS 00006)    00000]ACI:FACP 0x0000003FFF00000F (4 BOX VBXFACP 00001 SL000006
   0.00] ACPI: DSDT0x000000003FFF0470 0021F (v0VB   VXBS 0000 INT200528
[   .0000]CPI:AC0x000000FFF0000004
[    .00000] AC: FACS 0x00000FF200 0004
[   .0000] ACPI: APIC x000000003FFF400005C 02VBOX   VBOAPC 0001 ASL  0000)[   00000] ACPI:SSDT 0x0000003FFF02 001CC(v VBO  BOXCUT000002 INT200052
    0.000000] NoUMconfigraonfond[   .0000]Fanga odat[mm 00000000000-x000003ffeff
[   0000] ODE_AT0) allocated [mem0xff000-3fefff][   0.0000 k-coc: in msr4b64d0an 4b5d0
[    0.00000 km-clk:cpu 0,ms0:ffe3001, primary cpu clock
[    0.0000] kvclk: using scedffset  3603103cycls    0.000] cloksurce:kv-cock:ma: xffffffffffff m_cycs:x1cde4fb, ma_ie_ns 859591483ns
[  000000] Zonranges
[  0.0000]  D    [memx00000000010-0000000ffff]
[   0.0000]  DMA3    [mem 0x00000000100000-0x000003ffeffff
[   0.000000]   Normal   empty
[   0.0000]  Dvice  mpty[   .00000 Mvabl znestart or each node
[    0.000000] rly memo node ranges[   0.00000] node  0: [mem 0x0000000001000-0x0000000009ff]
[    0.000]   od  0: em0x00000010000x000003ffff]
  0.0000 Inimesetu ne 0 emx0000000100-0x000003feff][   0.0000] ACPI: M-me I Prt0x4008[   0.000] IOIC0]ap_id 2, verson32, ddss0xfec0000 GSI 0-2
[   0.000] ACPI: IT_SRC_OV(bs 0 bu_i 0 gbairq 2 flfl
[   00000 API INT_S_OR (bs  bs_ir 9loal_irq lw leve)[  000000] si ACPI AD forSMcofigurati iformio
[   0000 sbootAlwing 2PU, 0 otug Cs[   0.0000 PM: Registerd sae memoy:mem x0000000x000f][  00000 P: Registered nosave memry[memx09f000x09ffff]
[  0.000 PM:Restered sa memor [em 0x000a000-0x00effff
[  000000]PMRegister nosvemery: [mm 0x0000000x0fffff
[    0.000000] e820: [mem 00000000xebfff]avaiab fr CIevces
[  0.000 Boongaraviruazed rnl on VM
[    0.000000 clocksource: refined-jiffies: mask: 0fffffff x_yces0xffffff m_ile_n: 4551601156 n
[    .0000]setup_ercp: _CPU:52 _cpuskbi:52 rr_cpuid:2nrodids:
   00000] PERCPU: mbedded4 agespuffff883f0000 s54 r812 1528 u04876
[   0.00] PVspnlckas tleenri: 56 (rd: , 40 btes)
[  0.000] uit zonest in deorder, mbiity ouing . Totalpas: 25791
    0000] Polcyone: DA3
[   0.0000 Kerl omndlin BOT_IMAG=/oot/mlnuz-4..011-generc ot=LELclouim-rots ro cnsle=ty1 onso=tyS0
[   .000] IDha table enies: 406 orer: 3 3278 yt)[   0.000] Mor: 10012K10480Kavlae (85K ernelcoe,1313 rat, 39K rodta15K in, 31 b, 46448reered0Kcmrerved)
[  00000] UB: Wagn64Orr=0-3,inbjec=0, PU=2Nos=1   0.000] Keelser agtales soation: eabd
[    .0000]iearchalRCU plmentti.
[   .00000] 	Biltimedjtmenofeaf fanouto 64
[   00000] 	RCretrctg PUfr NR_CP=52 tor_pu_ids2.
[   000000 RU:Adustig eotry for rcu_anoule=64, nr_cpu_ids=2
[    0.000000NRIRQS:302r_qs4416
[    000000]onle: lor VG+ x2
[  0000000 csole [y1 enaed
[   00000 csoe tt0] enabled
   0000000] tsc: Detected 1995.381 MHz processor
[   32.840099] Calibrating delay loop (skipped) preset value.. 3990.76 BogoMIPS (lpj=7981524)
[   33.061447] pid_max: default: 32768 minimum: 301
[   33.153676] ACPI: Core revision 20150930
[   33.247920] ACPI: 2 ACPI AML tables successfully acquired and loaded
[   33.408150] Security Framework initialized
[   33.501434] Yama: becoming mindful.
[   33.589783] AppArmor: AppArmor initialized
[   33.684335] Dentry cache hash table entries: 131072 (order: 8, 1048576 bytes)
[   33.814057] Inode-cache hash table entries: 65536 (order: 7, 524288 bytes)
[   33.965431] Mount-cache hash table entries: 2048 (order: 2, 16384 bytes)
[   34.132606] Mountpoint-cache hash table entries: 2048 (order: 2, 16384 bytes)
[   34.294649] Initializing cgroup subsys io
[   34.400035] Initializing cgroup subsys memory
[   34.514050] Initializing cgroup subsys devices
[   34.624390] Initializing cgroup subsys freezer
[   34.720305] Initializing cgroup subsys net_cls
[   34.822267] Initializing cgroup subsys perf_event
[   34.916145] Initializing cgroup subsys net_prio
[   35.000183] Initializing cgroup subsys hugetlb
[   35.092971] Initializing cgroup subsys pids
[   35.186472] CPU: Physical Processor ID: 0
[   35.293752] CPU: Processor Core ID: 0
[   35.397812] FEATURE SPEC_CTRL Not Present
[   35.498018] mce: CPU supports 0 MCE banks
[   35.605226] Last level iTLB entries: 4KB 1024, 2MB 1024, 4MB 1024
[   35.768324] Last level dTLB entries: 4KB 1024, 2MB 1024, 4MB 1024, 1GB 4
[   35.945275] Spectre V2 mitigation: Mitigation: Full generic retpoline
[   36.048859] Spectre V2 mitigation: Speculation control IBPB not-supported IBRS not-supported
[   36.222394] Freeing SMP alternatives memory: 32K
[   36.340356] ftrace: allocating 32195 entries in 126 pages
[   36.527667] smpboot: APIC(0) Converting physical 0 to logical package 0
[   36.675929] smpboot: Max logical packages: 1
[   36.768686] x2apic enabled
[   36.832846] Switched APIC routing to physical x2apic.
[   36.967388] ..TIMER: vector=0x30 apic1=0 pin1=2 apic2=-1 pin2=-1
[   37.228352] smpboot: CPU0: Intel(R) Core(TM) i7-4750HQ CPU @ 2.00GHz (family: 0x6, model: 0x46, stepping: 0x1)
[   37.454230] Performance Events: unsupported p6 CPU model 70 no PMU driver, software events only.
[   37.681436] KVM setup paravirtual spinlock
[   37.768694] x86: Booting SMP configuration:
[   37.861637] .... node  #0, CPUs:      #1
[   37.947507] kvm-clock: cpu 1, msr 0:3ffe3041, secondary cpu clock
[   38.097780] mce: CPU supports 0 MCE banks
[   38.175119] x86: Booted up 1 node, 2 CPUs
[   38.234329] smpboot: Total of 2 processors activated (7981.52 BogoMIPS)
[   38.298742] devtmpfs: initialized
[   38.385462] evm: security.selinux
[   38.459219] evm: security.SMACK64
[   38.521959] evm: security.SMACK64EXEC
[   38.595654] evm: security.SMACK64TRANSMUTE
[   38.682135] evm: security.SMACK64MMAP
[   38.752929] evm: security.ima
[   38.820713] evm: security.capability
[   38.901052] clocksource: jiffies: mask: 0xffffffff max_cycles: 0xffffffff, max_idle_ns: 7645041785100000 ns
[   39.120474] futex hash table entries: 512 (order: 3, 32768 bytes)
[   39.274759] pinctrl core: initialized pinctrl subsystem
[   39.347274] RTC time: 14:41:32, date: 04/11/18
[   39.389714] NET: Registered protocol family 16
[   39.435269] cpuidle: using governor ladder
[   39.540092] cpuidle: using governor menu
[   39.608612] PCCT header not found.
[   39.664773] ACPI: bus type PCI registered
[   39.755706] acpiphp: ACPI Hot Plug PCI Controller Driver version: 0.5
[   39.848304] PCI: Using configuration type 1 for base access
[   39.971937] ACPI: Added _OSI(Module Device)
[   40.046684] ACPI: Added _OSI(Processor Device)
[   40.137864] ACPI: Added _OSI(3.0 _SCP Extensions)
[   40.213058] ACPI: Added _OSI(Processor Aggregator Device)
[   40.286878] ACPI: Executed 1 blocks of module-level executable AML code
[   40.378837] ACPI: Interpreter enabled
[   40.439351] ACPI: (supports S0 S5)
[   40.468974] ACPI: Using IOAPIC for interrupt routing
[   40.500443] PCI: Using host bridge windows from ACPI; if necessary, use "pci=nocrs" and report a bug
[   40.629344] ACPI: PCI Root Bridge [PCI0] (domain 0000 [bus 00-ff])
[   40.738164] acpi PNP0A03:00: _OSC: OS supports [ASPM ClockPM Segments MSI]
[   40.852909] acpi PNP0A03:00: _OSC: not requesting OS control; OS requires [ExtendedConfig ASPM ClockPM MSI]
[   41.015412] acpi PNP0A03:00: fail to add MMCONFIG information, can't access extended PCI configuration space under this bridge.
[   41.212975] PCI host bridge to bus 0000:00
[   41.267983] pci_bus 0000:00: root bus resource [io  0x0000-0x0cf7 window]
[   41.389878] pci_bus 0000:00: root bus resource [io  0x0d00-0xffff window]
[   41.490915] pci_bus 0000:00: root bus resource [mem 0x000a0000-0x000bffff window]
[   41.586185] pci_bus 0000:00: root bus resource [mem 0x40000000-0xfdffffff window]
[   41.622056] pci_bus 0000:00: root bus resource [bus 00-ff]
[   41.655555] pci 0000:00:01.1: legacy IDE quirk: reg 0x10: [io  0x01f0-0x01f7]
[   41.749291] pci 0000:00:01.1: legacy IDE quirk: reg 0x14: [io  0x03f6]
[   41.799370] pci 0000:00:01.1: legacy IDE quirk: reg 0x18: [io  0x0170-0x0177]
[   41.878904] pci 0000:00:01.1: legacy IDE quirk: reg 0x1c: [io  0x0376]
[   41.948935] pci 0000:00:07.0: quirk: [io  0x4000-0x403f] claimed by PIIX4 ACPI
[   42.023877] pci 0000:00:07.0: quirk: [io  0x4100-0x410f] claimed by PIIX4 SMB
[   42.147703] ACPI: PCI Interrupt Link [LNKA] (IRQs 5 9 10 *11)
[   42.243892] ACPI: PCI Interrupt Link [LNKB] (IRQs 5 9 *10 11)
[   42.324068] ACPI: PCI Interrupt Link [LNKC] (IRQs 5 *9 10 11)
[   42.421202] ACPI: PCI Interrupt Link [LNKD] (IRQs 5 9 10 *11)
[   42.511936] ACPI: Enabled 2 GPEs in block 00 to 07
[   42.536646] vgaarb: setting as boot device: PCI:0000:00:02.0
[   42.574192] vgaarb: device added: PCI:0000:00:02.0,decodes=io+mem,owns=io+mem,locks=none
[   42.649186] vgaarb: loaded
[   42.665338] vgaarb: bridge control possible 0000:00:02.0
[   42.689937] SCSI subsystem initialized
[   42.723954] ACPI: bus type USB registered
[   42.759219] usbcore: registered new interface driver usbfs
[   42.838353] usbcore: registered new interface driver hub
[   42.948107] usbcore: registered new device driver usb
[   43.030127] PCI: Using ACPI for IRQ routing
[   43.105098] NetLabel: Initializing
[   43.173560] NetLabel:  domain hash size = 128
[   43.233308] NetLabel:  protocols = UNLABELED CIPSOv4
[   43.309611] NetLabel:  unlabeled traffic allowed by default
[   43.394051] amd_nb: Cannot enumerate AMD northbridges
[   43.468033] clocksource: Switched to clocksource kvm-clock
[   3.085]Aprm: pprmr leysm abd[ 44297]np: Pn AI int  4.17] p:Pn AI:ou 3evices

[   45.003209] clocksource: acpi_pm: mask: 0xffffff max_cycles: 0xffffff, max_idle_ns: 2085701024 ns
[   45.190502] NET: Registered protocol family 2
[   45.339345] TCP established hash table entries: 8192 (order: 4, 65536 bytes)
[   45.499232] TCP bind hash table entries: 8192 (order: 5, 131072 bytes)
[   45.613548] TCP: Hash tables configured (established 8192 bind 8192)
[   45.772345] UDP hash table entries: 512 (order: 2, 16384 bytes)
[   45.910806] UDP-Lite hash table entries: 512 (order: 2, 16384 bytes)
[   46.057736] NET: Registered protocol family 1
[   46.081810] pci 0000:00:00.0: Limiting direct PCI/PCI transfers
[   46.113967] pci 0000:00:01.0: Activating ISA DMA hang workarounds
[   46.200163] Unpacking initramfs...
[   48.098035] Freeing initrd memory: 10852K
[   48.188025] platform rtc_cmos: registered platform RTC device (no PNP device found)
[   48.323905] Scanning for low memory corruption every 60 seconds
[   48.362374] audit: initializing netlink subsys (disabled)
[   48.480444] audit: type=2000 audit(1523457664.178:1): initialized
[   48.647157] Initialise system trusted keyring
[   48.739335] HugeTLB registered 2 MB page size, pre-allocated 0 pages
[   48.877607] zbud: loaded
[   48.940643] VFS: Disk quotas dquot_6.6.0
[   49.072963] VFS: Dquot-cache hash table entries: 512 (order 0, 4096 bytes)
[   49.287464] tsc: Refined TSC clocksource calibration: 1994.653 MHz
[   49.438794] clocksource: tsc: mask: 0xffffffffffffffff max_cycles: 0x3980e5d4de9, max_idle_ns: 881590523080 ns
[   49.439164] squashfs: version 4.0 (2009/01/31) Phillip Lougher
[   49.496944] fuse init (API version 7.23)
[   49.497267] Key type big_key registered
[   49.497289] Allocating IMA MOK and blacklist keyrings.
[   49.497670] Key type asymmetric registered
[   49.497682] Asymmetric key parser 'x509' registered
[   49.497809] Block layer SCSI eeneric (bsg) driver version 0.4 loaded (major 249)
[   49.497861] io scheduler noop registered
[   49.497863] io scheduler deadline registered (default)
[   49.497906] io scheduler cfq registered
[   49.498044] pci_hotplug: PCI Hot Plug PCI Core version: 0.5
[   49.498053] pciehp: PCI Express Hot Plug Controller Driver version: 0.4
[   49.498541] ACPI: AC Adapter [AC] (on-line)
[   49.498610] input: Power Button as /devices/LNXSYSTM:00/LNXPWRBN:00/input/input0
[   49.498613] ACPI: Power Button [PWRF]
[   49.498827] input: Sleep Button as /devices/LNXSYSTM:00/LNXSLPBN:00/input/input1
[   49.498829] ACPI: Sleep Button [SLPF]
[   49.499038] GHES: HEST is not enabled!
[   49.500432] ACPI: Battery Slot [BAT0] (battery present)
[   49.500494] Serial: 8250/16550 driver, 32 ports, IRQ sharing enabled
[   49.641395] 00:02: ttyS0 at I/O 0x3f8 (irq = 4, base_baud = 115200) is a 16550A
[   49.726023] Linux agpgart interface v0.103
[   49.817001] loop: module loaded
[   49.817564] scsi host0: ata_piix
[   49.817617] scsi host1: ata_piix
[   49.817643] ata1: PATA max UDMA/33 cmd 0x1f0 ctl 0x3f6 bmdma 0xd000 irq 14
[   49.817644] ata2: PATA max UDMA/33 cmd 0x170 ctl 0x376 bmdma 0xd008 irq 15
[   49.817715] libphy: Fixed MDIO Bus: probed
[   49.817718] tun: Universal TUN/TAP device driver, 1.6
[   49.817718] tun: (C) 1999-2004 Max Krasnyansky <maxk@qualcomm.com>
[   49.818127] PPP generic driver version 2.4.2
[   49.818195] ehci_hcd: USB 2.0 'Enhanced' Host Controller (EHCI) Driver
[   49.818200] ehci-pci: EHCI PCI platform driver
[   49.818215] ehci-platform: EHCI generic platform driver
[   49.818223] ohci_hcd: USB 1.1 'Open' Host Controller (OHCI) Driver
[   49.818226] ohci-pci: OHCI PCI platform driver
[   49.818234] ohci-platform: OHCI generic platform driver
[   49.818240] uhci_hcd: USB Universal Host Controller Interface driver
[   49.818293] i8042: PNP: PS/2 Controller [PNP0303:PS2K,PNP0f03:PS2M] at 0x60,0x64 irq 1,12
[   49.818731] serio: i8042 KBD port at 0x60,0x64 irq 1
[   49.818735] serio: i8042 AUX port at 0x60,0x64 irq 12
[   49.818824] mousedev: PS/2 mouse device common for all mice
[   49.819081] input: AT Translated Set 2 keyboard as /devices/platform/i8042/serio0/input/input2
[   49.819438] rtc_cmos rtc_cmos: rtc core: registered rtc_cmos as rtc0
[   49.819489] rtc_cmos rtc_cmos: alarms up to one day, 114 bytes nvram
[   49.819496] i2c /dev entries driver
[   49.819547] device-mapper: uevent: version 1.0.3
[   49.819594] device-mapper: ioctl: 4.34.0-ioctl (2015-10-28) initialised: dm-devel@redhat.com
[   49.819614] ledtrig-cpu: registered to indicate activity on CPUs
[   49.820252] NET: Registered protocol family 10
[   49.820477] NET: Registered protocol family 17
[   49.820486] Key type dns_resolver registered
[   49.820803] registered taskstats version 1
[   49.820822] Loading compiled-in X.509 certificates
[   49.821507] Loaded X.509 cert 'Build time autogenerated kernel key: f854e06633b5f496ced5b2e02c7b14f761b69302'
[   49.821533] zswap: loaded using pool lzo/zbud
[   49.823310] Key type trusted registered
[   49.826409] Key type encrypted registered
[   49.826414] AppArmor: AppArmor sha1 policy hashing enabled
[   49.826416] ima: No TPM chip found, activating TPM-bypass!
[   49.826437] evm: HMAC attrs: 0x1
[   49.826775]   Magic number: 14:430:687
[   49.930410] rtc_cmos rtc_cmos: setting system clock to 2018-04-11 14:41:43 UTC (1523457703)
[   49.930565] BIOS EDD facility v0.16 2004-Jun-25, 0 devices found
[   49.930565] EDD information not available.
[   57.357665] Freeing unused kernel memory: 1508K
[   58.384361] Write protecting the kernel read-only data: 14336k
[   58.450455] Freeing unused kernel memory: 1696K
[   58.468349] Freeing unused kernel memory: 100K
Loading, please [   58.545427] random: systemd-udevd: uninitialized urandom read (16 bytes read, 5 bits of entropy available)
wait...
startin[   58.545941] random: udevadm: uninitialized urandom read (16 bytes read, 5 bits of entropy available)
g version 229
[   58.545970] random: udevadm: uninitialized urandom read (16 bytes read, 5 bits of entropy available)
[   58.558379] random: udevadm: uninitialized urandom read (16 bytes read, 5 bits of entropy available)
[   58.558429] random: udevadm: uninitialized urandom read (16 bytes read, 5 bits of entropy available)
[   58.558605] random: udevadm: uninitialized urandom read (16 bytes read, 5 bits of entropy available)
[   58.558675] random: udevadm: uninitialized urandom read (16 bytes read, 5 bits of entropy available)
[   58.558741] random: udevadm: uninitialized urandom read (16 bytes read, 5 bits of entropy available)
[   58.558808] random: udevadm: uninitialized urandom read (16 bytes read, 5 bits of entropy available)
[   58.558874] random: udevadm: uninitialized urandom read (16 bytes read, 5 bits of entropy available)
[   60.741195] Fusion MPT base driver 3.04.20
[   60.815750] Copyright (c) 1999-2008 LSI Corporation
[   60.935143] e1000: Intel(R) PRO/1000 Network Driver - version 7.3.21-k8-NAPI
[   61.082539] e1000: Copyright (c) 1999-2006 Intel Corporation.
[   61.146693] AVX2 version of gcm_enc/dec engaged.
[   61.264555] AES CTR mode by8 optimization enabled
[   61.284592] Fusion MPT SPI Host driver 3.04.20
[   61.347743] input: ImExPS/2 Generic Explorer Mouse as /devices/platform/i8042/serio1/input/input4
[   61.746734] e1000 0000:00:03.0 eth0: (PCI:33MHz:32-bit) 02:43:34:32:a4:f6
[   61.812940] e1000 0000:00:03.0 eth0: Intel(R) PRO/1000 Network Connection
[   61.917730] mptbase: ioc0: Initiating bringup
[   61.918490] e1000 0000:00:03.0 enp0s3: renamed from eth0
[   62.408853] ioc0: LSI53C1030 A0: Capabilities={Initiator}
[   62.812220] scsi host2: ioc0: LSI53C1030 A0, FwRev=00000000h, Ports=1, MaxQ=256, IRQ=20
[   63.036991] scsi 2:0:0:0: Direct-Access     VBOX     HARDDISK         1.0  PQ: 0 ANSI: 5
[   63.241135] scsi target2:0:0: Beginning Domain Validation
[   63.329142] scsi target2:0:0: Domain Validation skipping write tests
[   63.990256] scsi target2:0:0: Ending Domain Validation
[   64.055174] floppy0: no floppy controllers found
[   64.142623] scsi target2:0:0: asynchronous
[   64.243028] scsi 2:0:1:0: Direct-Access     VBOX     HARDDISK         1.0  PQ: 0 ANSI: 5
[   64.462527] scsi target2:0:1: Beginning Domain Validation
[   64.594025] scsi target2:0:1: Domain Validation skipping write tests
[   64.764119] scsi target2:0:1: Ending Domain Validation
[   64.893072] scsi target2:0:1: asynchronous
[   65.014328] sd 2:0:0:0: [sda] 20971520 512-byte logical blocks: (10.7 GB/10.0 GiB)
[   65.144506] sd 2:0:0:0: Attached scsi generic sg0 type 0
[   65.168034] sd 2:0:1:0: [sdb] 20480 512-byte logical blocks: (10.5 MB/10.0 MiB)
[   65.169523] sd 2:0:1:0: Attached scsi generic sg1 type 0
[   65.414190] sd 2:0:0:0: [sda] Write Protect is off
[   65.492257] sd 2:0:1:0: [sdb] Write Protect is off
[   65.599101] sd 2:0:0:0: [sda] Incomplete mode parameter data
[   65.769996] sd 2:0:0:0: [sda] Assuming drive cache: write through
[   65.770352] sd 2:0:1:0: [sdb] Incomplete mode parameter data
[   65.770354] sd 2:0:1:0: [sdb] Assuming drive cache: write through
[   65.879254] sd 2:0:1:0: [sdb] Attached SCSI disk
[   65.885825]  sda: sda1
[   65.962429] sd 2:0:0:0: [sda] Attached SCSI disk
Begin: Loading e[   67.438121] md: linear personality registered for level -1
ssential drivers[   67.573586] md: multipath personality registered for level -4
 ... [   67.767538] md: raid0 personality registered for level 0
[   67.861311] md: raid1 personality registered for level 1
[   68.124256] raid6: sse2x1   gen()  9555 MB/s
[   68.284251] raid6: sse2x1   xor()  7323 MB/s
[   68.428280] raid6: sse2x2   gen() 11278 MB/s
[   68.560148] raid6: sse2x2   xor()  6573 MB/s
[   68.708306] raid6: sse2x4   gen() 12936 MB/s
[   68.852335] raid6: sse2x4   xor()  9333 MB/s
[   68.996295] raid6: avx2x1   gen() 18016 MB/s
[   69.148383] raid6: avx2x2   gen() 19412 MB/s
[   69.296437] raid6: avx2x4   gen() 13428 MB/s
[   69.343583] raid6: using algorithm avx2x2 gen() 19412 MB/s
[   69.399027] raid6: using avx2x2 recovery algorithm
[   69.449110] xor: automatically using best checksumming function:
[   69.512316]    avx       : 13531.000 MB/sec
[   69.536430] async_tx: api initialized (async)
[   69.614190] md: raid6 personality registered for level 6
[   69.657294] md: raid5 personality registered for level 5
[   69.717973] md: raid4 personality registered for level 4
[   69.804949] md: raid10 personality registered for level 10
done.
Begin: Running /scripts/init-premount ... done.
Begin: Mounting root file sys[   69.895509] Btrfs loaded
tem ... Begin: Running /scripts/local-top ... done.
Begin: Running /scripts/local-premount ... Scanning for Btrfs filesystems
done.
Warning: fsck not present, so sk[[  70.005553] EXT4-fs (sda1): mounted filesystem with ordered data mode. Opts: (null)
ipping root file system
done.
Begin: Running /scripts/local-bottom ... done.
Begin: Running /scripts/init-bottom ... done.
[   70.307959] systemd[1]: systemd 229 running in system mode. (+PAM +AUDIT +SELINUX +IMA +APPARMOR +SMACK +SYSVINIT +UTMP +LIBCRYPTSETUP +GCRYPT +GNUTLS +ACL +XZ -LZ4 +SECCOMP +BLKID +ELFUTILS +KMOD -IDN)
[   70.379302] systemd[1]: Detected virtualization oracle.
[   70.399764] systemd[1]: Detected architecture x86-64.

Welcome to [1mUbuntu 16.04.4 LTS[0m!

[   70.433389] systemd[1]: Set hostname to <ubuntu>.
[   70.441594] systemd[1]: Initializing machine ID from random generator.
[   70.447070] systemd[1]: Installed transient /etc/machine-id file.
[   70.701702] systemd[1]: Listening on Syslog Socket.
[[0;32m  OK  [0m] Listening on Syslog Socket.
[   70.822851] systemd[1]: Reached target System Time Synchronized.
[[0;32m  OK  [0m] Reached target System Time Synchronized.
[   70.892599] systemd[1]: Listening on udev Control Socket.
[[0;32m  OK  [0m] Listening on udev Control Socket.
[   70.969403] systemd[1]: Started Trigger resolvconf update for networkd DNS.
[[0;32m  OK  [0m] Started Trigger resolvconf update for networkd DNS.
[   71.177384] systemd[1]: Reached target Encrypted Volumes.
[[0;32m  OK  [0m] Reached target Encrypted Volumes.
[   71.425039] systemd[1]: Listening on LVM2 metadata daemon socket.
[[0;32m  OK  [0m] Listening on LVM2 metadata daemon socket.
[   71.652910] systemd[1]: Listening on Device-mapper event daemon FIFOs.
[[0;32m  OK  [0m] Listening on Device-mapper event daemon FIFOs.
[   71.856941] systemd[1]: Listening on /dev/initctl Compatibility Named Pipe.
[[0;32m  OK  [0m] Listening on /dev/initctl Compatibility Named Pipe.
[   72.044958] systemd[1]: Listening on udev Kernel Socket.
[[0;32m  OK  [0m] Listening on udev Kernel Socket.
[   72.157584] systemd[1]: Created slice User and Session Slice.
[[0;32m  OK  [0m] Created slice User and Session Slice.
[   72.281644] systemd[1]: Created slice System Slice.
[[0;32m  OK  [0m] Created slice System Slice.
[   72.348792] systemd[1]: Reached target Swap.
[[0;32m  OK  [0m] Reached target Swap.
[   72.512628] systemd[1]: Listening on Journal Socket.
[[0;32m  OK  [0m] Listening on Journal Socket.
[   72.632859] systemd[1]: Mounting Debug File System...
         Mounting Debug File System...
[   72.860866] systemd[1]: Starting Set console keymap...
         Starting Set console keymap...
[   72.980580] systemd[1]: Listening on Journal Socket (/dev/log).
[[0;32m  OK  [0m] Listening on Journal Socket (/dev/log).
[   73.038418] systemd[1]: Set up automount Arbitrary Executable File Formats File System Automount Point.
[[0;32m  OK  [0m] Set up automount Arbitrary Executab...ats File System Automount Point.
[   73.149135] random: nonblocking pool is initialized
[   73.184787] systemd[1]: Starting Monitoring of LVM2 mirrors, snapshots etc. using dmeventd or progress polling...
         Starting Monitoring of LVM2 mirrors... dmeventd or progress polling...
[   73.467832] systemd[1]: Created slice system-serial\x2dgetty.slice.
[[0;32m  OK  [0m] Created slice system-serial\x2dgetty.slice.
[   73.689010] systemd[1]: Starting Create list of required static device nodes for the current kernel...
         Starting Create list of required st... nodes for the current kernel...
[   74.046127] systemd[1]: Reached target User and Group Name Lookups.
[[0;32m  OK  [0m] Reached target User and Group Name Lookups.
[   74.258351] systemd[1]: Listening on Journal Audit Socket.
[[0;32m  OK  [0m] Listening on Journal Audit Socket.
[   74.400623] systemd[1]: Starting Journal Service...
         Starting Journal Service...
[   74.577457] systemd[1]: Reached target Slices.
[[0;32m  OK  [0m] Reached target Slices.
[   74.800836] systemd[1]: Starting Remount Root and Kernel File Systems...
[   74.806038] EXT4-fs (sda1): re-mounted. Opts: (null)
         Starting Remount Root and Kernel File Systems...
[   75.285272] systemd[1]: Started Forward Password Requests to Wall Directory Watchh
[[0;32m  OK  [0m] Started Forward Password Requests to Wall Directory Watch.
[   75.412355] systemd[1]: Starting Uncomplicated firewall...
         Starting Uncomplicated firewall...
[   75.576852] systemd[1]: Starting Nameserver information manager...
         Starting Nameserver information manager...
[   75.832634] systemd[1]: Mounting POSIX Message Queue File System...
         Mounting POSIX Message Queue File System...
[   76.120388] systemd[1]: Starting Load Kernel Modules...
[   762544 Ldig iSCStrnsrtla v0-0.
         Startin[   76.805196] iscsi: registered transport (tcp)
g Load Kernel Modules...
[   76.930309] iscsi: registered transport (iser)
[   77.024671] systemd[1]: Mounting Huge Pages File System...
         Mounting Huge Pages File System...
[   77.244642] systemd[1]: Listening on LVM2 poll daemon socket.
[[0;32m  OK  [0m] Listening on LVM2 poll daemon socket.
[   77.538678] systemd[1]: Mounted Huge Pages File System.
[[0;32m  OK  [0m] Mounted Huge Pages File System.
[   77.636956] systemd[1]: Mounted POSIX Message Queue File System.
[[0;32m  OK  [0m] Mounted POSIX Message Queue File System.
[   77.833223] systemd[1]: Mounted Debug File System.
[[0;32m  OK  [0m] Mounted Debug File System.
[   78.028967] systemd[1]: Started Journal Service.
[[0;32m  OK  [0m] Started Journal Service.
[[0;32m  OK  [0m] Started Set console keymap.
[[0;32m  OK  [0m] Started Create list of required sta...ce nodes for the current kernel.
[[0;32m  OK  [0m] Started Remount Root and Kernel File Systems.
[[0;32m  OK  [0m] Started Uncomplicated firewall.
[[0;32m  OK  [0m] Started Load Kernel Modules.
[[0;32m  OK  [0m] Started Nameserver information manager.
[[0;32m  OK  [0m] Started LVM2 metadata daemon.
         Mounting FUSE Control File System...
         Starting Apply Kernel Variables...
         Starting Initial cloud-init job (pre-networking)...
         Starting udev Coldplug all Devices...
         Starting Load/Save Random Seed...
         Starting Create Static Device Nodes in /dev...
         Starting Flush Journal to Persistent Storage...
[[0;32m  OK  [0m] Mounted FUSE Control File System.
[[0;32m  OK  [0m] Started Apply Kernel Variables.
[[0;32m  OK  [0m] Started Monitoring of LVM2 mirrors,...ng dmeventd or progress polling.
[[0;32m  OK  [0m] Started Load/Save Random Seed.
[[0;32m  OK  [0m] Started Create Static Device Nodes in /dev.
[[0;32m  OK  [0m] Started udev Coldplug all Devices.
[[0;32m  OK  [0m] Started Flush Journal to Persistent Storage.
         Starting udev Kernel Device Manager...
[[0;32m  OK  [0m] Started udev Kernel Device Manager.
[[0;32m  OK  [0m] Reached target Local File Systems (Pre).
[[0;32m  OK  [0m] Reached target Local File Systems.
         Starting Create Volatile Files and Directories...
         Starting LSB: AppArmor initialization...
[   37.090897] cloud-init[457]: Cloud-init v. 17.2 running 'init-local' at Wed, 11 Apr 2018 14:42:13 +0000. Up 36.73 seconds.
         Starting Set console font and keymap...
         Starting Commit a transient machine-id on disk...
         Starting Tell Plymouth To Write Out Runtime Data...
[[0;32m  OK  [0m] Started Dispatch Password Requests to Console Directory Watch.
[[0;32m  OK  [0m] Started Create Volatile Files and Directories.
[[0;32m  OK  [0m] Started Commit a transient machine-id on disk.
[[0;32m  OK  [0m] Started Tell Plymouth To Write Out Runtime Data.
[[0;32m  OK  [0m] Started Initial cloud-init job (pre-networking).
[[0;32m  OK  [0m] Found device /dev/ttyS0.
[[0;32m  OK  [0m] Started Set console font and keymap.
[[0;32m  OK  [0m] Listening on Load/Save RF Kill Switch Status /dev/rfkill Watch.
[[0;32m  OK  [0m] Created slice system-getty.slice.
[[0;32m  OK  [0m] Reached target Network (Pre).
         Starting Update UTMP about System Boot/Shutdown...
[[0;32m  OK  [0m] Started Update UTMP about System Boot/Shutdown.
[[0;32m  OK  [0m] Started LSB: AppArmor initialization.
         Starting Raise network interfaces...
[[0;32m  OK  [0m] Started ifup for enp0s3.
[[0;32m  OK  [0m] Started Raise network interfaces.
[[0;32m  OK  [0m] Reached target Network.
         Starting Initial cloud-init job (metadata service crawler)...
[   41.208777] cloud-init[959]: Cloud-init v. 17.2 running 'init' at Wed, 11 Apr 2018 14:42:16 +0000. Up 40.50 seconds.
[   41.290350] cloud-init[959]: ci-info: +++++++++++++++++++++++++++++++++++++Net device info++++++++++++++++++++++++++++++++++++++
[[   41.520342] cloud-init[959]: ci-info: +--------+------+----------------------------+---------------+-------+-------------------+
[   41.520821] cloud-init[959]: ci-info: | Device |  Up  |          Address           |      Mask     | Scope |     Hw-Address    |
[   41.520964] cloud-init[959]: ci-info: +--------+------+----------------------------+---------------+-------+-------------------+
[   41.521083] cloud-init[959]: ci-info: | enp0s3 | True |         10.0.2.15          | 255.255.255.0 |   .   | 02:43:34:32:a4:f6 |
[   41.521221] cloud-init[959]: ci-info: | enp0s3 | True | fe80::43:34ff:fe32:a4f6/64 |       .       |  link | 02:43:34:32:a4:f6 |
[   41.521339] cloud-init[959]: ci-info: |   lo   | True |         127.0.0.1          |   255.0.0.0   |   .   |         .         |
[   41.521484] cloud-init[959]: ci-info: |   lo   | True |          ::1/128           |       .       |  host |         .         |
[   41.521601] cloud-init[959]: ci-info: +--------+------+----------------------------+---------------+-------+-------------------+
[   41.521743] cloud-init[959]: ci-info: +++++++++++++++++++++++++++Route IPv4 info++++++++++++++++++++++++++++
[   41.521871] cloud-init[959]: ci-info: +-------+-------------+----------+---------------+-----------+-------+
[   41.522000] cloud-init[959]: ci-info: | Route | Destination | Gateway  |    Genmask    | Interface | Flags |
[   41.522141] cloud-init[959]: ci-info: +-------+-------------+----------+---------------+-----------+-------+
[   41.522258] cloud-init[959]: ci-info: |   0   |   0.0.0.0   | 10.0.2.2 |    0.0.0.0    |   enp0s3  |   UG  |
[   41.522395] cloud-init[959]: ci-info: |   1   |   10.0.2.0  | 0.0.0.0  | 255.255.255.0 |   enp0s3  |   U   |
[   41.522533] cloud-init[959]: ci-info: +-------+-------------+----------+---------------+-----------+-------+
[   41.522677] cloud-init[959]: Generating public/private rsa key pair.
[   41.522823] cloud-init[959]: Your identification has been saved in /etc/ssh/ssh_host_rsa_key.
[   41.522941] cloud-init[959]: Your public key has been saved in /etc/ssh/ssh_host_rsa_key.pub.
[   41.523079] cloud-init[959]: The key fingerprint is:
[   41.523196] cloud-init[959]: SHA256:2Hb8nFeFX0Wgd2FUTKP3jR32ma0PyrBhdKTtCcUqp6I root@ubuntu-xenial
[   41.523333] cloud-init[959]: The key's randomart image is:
[   41.523472] cloud-init[959]: +---[RSA 2048]----+
[   41.523588] cloud-init[959]: |              oX*|
[   41.523729] cloud-init[959]: |           . .o.=|
[   41.523846] cloud-init[959]: |            =.o++|
[   41.523984] cloud-init[959]: |       o . * .o=@|
[   41.524121] cloud-init[959]: |      . S O o .oO|
[   41.524238] cloud-init[959]: |       . * * o o |
[   41.524379] cloud-init[959]: |      . . + * +  |
[   41.524528] cloud-init[959]: |     . . . = o o |
[0;32m  OK  [0m] Started Initial cloud-init job (metadata service crawler).
[   41.524736] cloud-init[959]: |    E     . o   .|
[   44.018750] cloud-init[959]: +----[SHA256]-----+
[[0;32m  OK  [0m] Reached target Network is Online.
[   44.019056] cloud-init[959]: Generating public/private dsa key pair.
[   44.289364] cloud-init[959]: Your identification has been saved in /etc/ssh/ssh_host_dsa_key.
[   44.290176] cloud-init[959]: Your public key has been saved in /etc/ssh/ssh_host_dsa_key.pub.
         Starting iSCSI initiator daemon (iscsid)...
[[   44.290554] cloud-init[959]: The key fingerprint is:
[   44.502255] cloud-init[959]: SHA256:uD05GuvFEYna58NBQ9prjFNbIPLEHNvKakazb3gull4 root@ubuntu-xenial
[0;32m  OK  [0m] Reached target Cloud-config availability.
[[   44.502584] cloud-init[959]: The key's randomart image is:
[   44.726581] cloud-init[959]: +---[DSA 1024]----+
[0;32m  OK  [0m] Reached target System Initialization.
[   44.726851] cloud-init[959]: |    .o+.o        |
[   44.917132] cloud-init[959]: |     +oO o       |
[   44.917813] cloud-init[959]: |      = O .      |
[[0;32m  OK  [0m] Started ACPI Events Check.
[[   44.918192] cloud-init[959]: |     + B *       |
[   45.069572] cloud-init[959]: |    + B S        |
[0;32m  OK  [0m] Reached target Paths.
[   45.069797] cloud-init[959]: |   . + X +       |
[   45.212866] cloud-init[959]: |    =oE @        |
[   45.213599] cloud-init[959]: |   o=oo= +       |
         Starting Socket activation for snappy daemon.
[[   45.214012] cloud-init[959]: |   o.**          |
[   45.402265] cloud-init[959]: +----[SHA256]-----+
[0;32m  OK  [0m] Started Timer to automatically refresh installed snaps.
[[   45.402562] cloud-init[959]: Generating public/private ecdsa key pair.
[   45.605344] cloud-init[959]: [0;32m  OK  [0mYour identification has been saved in /etc/ssh/ssh_host_ecdsa_key.] 
Listening on UUID daemon activation socket.
[   45.605681] cloud-init[959]: Your public key has been saved in /etc/ssh/ssh_host_ecdsa_key.pub.
[   45.836515] cloud-init[959]: The key fingerprint is:
[   45.837235] cloud-init[959]: SHA256:TjzBoqYTzHwm52G63yB0HoN8yinYIOAmN/Ouw5jVk3M root@ubuntu-xenial
         Starting LXD - unix socket.
[   45.837750] cloud-init[959]: The key's randomart image is:
[[0;32m  OK  [0m] Started Daily apt download activities.
[[   45.992031] cloud-init[959]: +---[ECDSA 256]---+
[   46.094235] cloud-init[959]: |                 |
[0;32m  OK  [0m] Started Daily Cleanup of Temporary Directories.
[   46.094478] cloud-init[959]: |       .         |
[[   46.698159] cloud-init[959]: |.     . o        |
[   46.699266] cloud-init[959]: |o= . . o .       |
[0;32m  OK  [0m] Listening on D-Bus System Message Bus Socket.
[[   46.699498] cloud-init[959]: |+o&.&.  S        |
[   46.837384] [0;32m  OK  [0mcloud-init] [959]: Listening on ACPID Listen Socket.|=*.^=+Eo .       |

[   46.837685] cloud-init[959]: |o=X =+  .        |
[   46.969064] cloud-init[959]: |o.o= o           |
[[0;32m  OK  [0m] Started Daily apt upgrade and clean activities.
[   46.969349] cloud-init[959]: |  o+o .          |
[   47.113182] cloud-init[959]: +----[SHA256]-----+
[[0;32m  OK  [0m] Reached target Timers.
[   47.113393] cloud-init[959]: Generating public/private ed25519 key pair.
[   47.264711] [cloud-init[0;32m  OK  [0m[959]: ] Your identification has been saved in /etc/ssh/ssh_host_ed25519_key.Listening on Socket activation for snappy daemon.

[[0;32m  OK  [0m] Listening on LXD - unix socket.
[[0;32m  OK  [0m] Started iSCSI initiator daemon (iscsid).
[   47.265756] cloud-init[959]: Your public key has been saved in /etc/ssh/ssh_host_ed25519_key.pub.
[   47.496865]          cloud-initStarting Login to default iSCSI targets...[959]: 
The key fingerprint is:
[   47.604653] [cloud-init[0;32m  OK  [0m[959]: ] SHA256:qH9KNqYyy2hRQI8h7fJ6lbcmsUkKe25CJaRGlLXCxso root@ubuntu-xenialReached target Sockets.

[   47.605530] [cloud-init[0;32m  OK  [0m[959]: ] The key's randomart image is:Reached target Basic System.

[[0;32m  OK  [0m] Started Unattended Upgrades Shutdown.
[   47.665919] cloud-init[959]: +--[ED25519 256]--+
[   47.752513] [cloud-init[0;32m  OK  [0m[959]: ] |+=o.             |Started ACPI event daemon.

[   47.753590] cloud-init[959]: |+== .            |
[   47.808401]          cloud-initStarting LXD - container startup/shutdown...[959]: 
|+B.o             |
[   47.856632] [cloud-init[0;32m  OK  [0m[959]: ] |*ooo   .         |Started FUSE filesystem for LXC.

[   47.857461] cloud-init[959]: |oE+  .. S        |
[   47.948703]          cloud-initStarting Login Service...[959]: 
|.o. =..          |
[   47.949615] cloud-init[959]: |.+.+.==.         |
[   48.011678]          cloud-init[959]: |++B +*o..        |
Starting Accounts Service...
[   48.013314] cloud-init[959]: |o*++.ooo         |
[   48.092471] cloud-init[959]: +----[SHA256]-----+
         Starting Snappy daemon...
         Starting Virtualbox guest utils...
[[0;32m  OK  [0m] Started Regular background program processing daemon.
[[0;32m  OK  [0m] Started D-Bus System Message Bus.
[[0;32m  OK  [0m] Started Deferred execution scheduler.
         Starting Pollinate to seed the pseudo random number generator...
         Starting System Logging Service...
         Starting LSB: Record successful boot for GRUB...
         Starting LSB: MD monitoring daemon...
         Starting Apply the settings specified in cloud-config...
         Starting /etc/rc.local Compatibility...
[[0;32m  OK  [0m] Started Snappy daemon.
[[0;32m  OK  [0m] Started System Logging Service.
[[0;32m  OK  [0m] Started LXD - container startup/shutdown.
[[0;32m  OK  [0m] Started /etc/rc.local Compatibility.
[[0;32m  OK  [0m] Started Login to default iSCSI targets.
[[0;32m  OK  [0m] Started Pollinate to seed the pseudo random number generator.
[[0;32m  OK  [0m] Started LSB: Record successful boot for GRUB.
[[0;32m  OK  [0m] Started LSB: MD monitoring daemon.
[[0;32m  OK  [0m] Started Virtualbox guest utils.
[[0;32m  OK  [0m] Started Login Service.
         Starting Authenticate and Authorize Users to Run Privileged Tasks...
         Starting OpenBSD Secure Shell server...
[[0;32m  OK  [0m] Reached target Remote File Systems (Pre).
[[0;32m  OK  [0m] Reached target Remote File Systems.
[   49.231178] cloud-init[1156]: Generating locales (this might take a while)...
         Starting LSB: Set the CPU Frequency Scaling governor to "ondemand"...
         Starting LSB: daemon to balance interrupts for SMP systems...
         Starting LSB: automatic crash report generation...
         Starting Permit User Sessions...
[[0;32m  OK  [0m] Started OpenBSD Secure Shell server.
[[0;32m  OK  [0m] Started Permit User Sessions.
[[0;32m  OK  [0m] Started Authenticate and Authorize Users to Run Privileged Tasks.
[[0;32m  OK  [0m] Started Accounts Service.
[[0;32m  OK  [0m] Started LSB: Set the CPU Frequency Scaling governor to "ondemand".
[[0;32m  OK  [0m] Started LSB: daemon to balance interrupts for SMP systems.
[[0;32m  OK  [0m] Started LSB: automatic crash report generation.
[[0;32m  OK  [0m] Created slice User Slice of vagrant.
         Starting User Manager for UID 1000...
[[0;32m  OK  [0m] Started Session 1 of user vagrant.
[   50.299885] cloud-init[1156]:   en_US.UTF-8... done
[   50.340432] cloud-init[1156]: Generation complete.
         Starting Hold until boot process finishes up...
         Starting Terminate Plymouth Boot Screen...
[[0;32m  OK  [0m] Started User Manager for UID 1000.
[[0;32m  OK  [0m] Started Hold until boot process finishes up.
[[0;32m  OK  [0m] Started Terminate Plymouth Boot Screen.
[[0;32m  OK  [0m] Started Serial Getty on ttyS0.
[[0;32m  OK  [0m] Started Getty on tty1.
[[   50.619999] cloud-init[1156]: Cloud-init v. 17.2 running 'modules:config' at Wed, 11 Apr 2018 14:42:25 +0000. Up 49.02 seconds.
[0;32m  OK  [0m] Reached target Login Prompts.
[[0;32m  OK  [0m] Reached target Multi-User System.
[[0;32m  OK  [0m] Reached target Graphical Interface.
         Starting Update UTMP about System Runlevel Changes...
         Starting Set console scheme...
[[0;32m  OK  [0m] Started Apply the settings specified in cloud-config.
[[0;32m  OK  [0m] Started Set console scheme.
[[0;32m  OK  [0m] Started Update UTMP about System Runlevel Changes.
         Starting Execute cloud user/final scripts...
ci-info: no authorized ssh keys fingerprints found for user ubuntu.
<14>Apr 11 14:42:27 ec2: 
<14>Apr 11 14:42:27 ec2: #############################################################
<14>Apr 11 14:42:27 ec2: -----BEGIN SSH HOST KEY FINGERPRINTS-----
<14>Apr 11 14:42:27 ec2: 1024 SHA256:uD05GuvFEYna58NBQ9prjFNbIPLEHNvKakazb3gull4 root@ubuntu-xenial (DSA)
<14>Apr 11 14:42:27 ec2: 256 SHA256:TjzBoqYTzHwm52G63yB0HoN8yinYIOAmN/Ouw5jVk3M root@ubuntu-xenial (ECDSA)
<14>Apr 11 14:42:27 ec2: 256 SHA256:qH9KNqYyy2hRQI8h7fJ6lbcmsUkKe25CJaRGlLXCxso root@ubuntu-xenial (ED25519)
<14>Apr 11 14:42:27 ec2: 2048 SHA256:2Hb8nFeFX0Wgd2FUTKP3jR32ma0PyrBhdKTtCcUqp6I root@ubuntu-xenial (RSA)
<14>Apr 11 14:42:27 ec2: -----END SSH HOST KEY FINGERPRINTS-----
<14>Apr 11 14:42:27 ec2: #############################################################
-----BEGIN SSH HOST KEY KEYS-----
ecdsa-sha2-nistp256 AAAAE2VjZHNhLXNoYTItbmlzdHAyNTYAAAAIbmlzdHAyNTYAAABBBEseV+2bHN4K2V0NgRp0sOct/IeEINYkH3Su486INKOCQ5/yEYeqoiklpZ3hOtvWTRD6D3BXX5LsM4YTEwlWD/4= root@ubuntu-xenial
ssh-ed25519 AAAAC3NzaC1lZDI1NTE5AAAAIIx9sSWbkInXiIpI5SdXYvE9pM64D7i76aGGbCO8Jozn root@ubuntu-xenial
ssh-rsa AAAAB3NzaC1yc2EAAAADAQABAAABAQDSsnrFHSdJkZ4WA6SCL8fxVwcTXHQ3sYXtG2W08rjbzTyDkLszBcgJ3ci4wohGoNL/DrozpoyP5pvJ0G3wK8FzJv9p2+ZcuZiWcVv8sZwPLpSp9smGc+G6GvpTUHCtBNHMWLgDVtLupv6GePwEniNv/Twfm9NtkWNBxXX/7PWpifYCieTsAkFYZUkbPeIMWd+iIPp81KxGiv65r4PO411iAp59GL9kaIpikY3xOKPc5rZdAtdJn5abECr0o/+D4qYFf7rLihehl97wRX/jIYgZgBKDPppg02WuKSDjnHqi+ZDa61o+Qruh4VtPqi0JjQDeaUCKmjTt31f3zKRa1F9P root@ubuntu-xenial
-----END SSH HOST KEY KEYS-----
         Stopping User Manager for UID 1000...
[[0;32m  OK  [0m] Stopped User Manager for UID 1000.
[   52.498122] cloud-init[1328]: Cloud-init v. 17.2 running 'modules:final' at Wed, 11 Apr 2018 14:42:27 +0000. Up 51.43 seconds.
[   52.713942] cloud-init[1328]: ci-info: no authorized ssh keys fingerprints found for user ubuntu.
[   52.789031] cloud-init[1328]: Cloud-init v. 17.2 finished at Wed, 11 Apr 2018 14:42:28 +0000. Datasource DataSourceNoCloud [seed=/dev/sdb][dsmode=net].  Up 52.49 seconds
[[0;32m  OK  [0m] Started Execute cloud user/final scripts.
[[0;32m  OK  [0m] Reached target Cloud-init target.
[[0;32m  OK  [0m] Removed slice User Slice of vagrant.

Ubuntu 16.04.4 LTS ubuntu-xenial ttyS0

ubuntu-xenial login: 